((bench (FPCore (x)  :type binary64  (- (sqrt (+ 1.000000 x)) (sqrt x)))) (plain-name "subtraction") (function "main") (filename "diff-roots.c") (line-num 20) (instr-addr 400A82) (avg-error 14.674599) (max-error 61.955702) (num-calls 1000))
